Copyright 1986-2020 Xilinx, Inc. All Rights Reserved.
------------------------------------------------------------------------------------
| Tool Version : Vivado v.2020.2 (win64) Build 3064766 Wed Nov 18 09:12:45 MST 2020
| Date         : Wed Jun 23 20:14:47 2021
| Host         : DESKTOP-LQ4E1T9 running 64-bit major release  (build 9200)
| Command      : report_timing -file ./vivado/timing.rpt
| Design       : dataPath
| Device       : 7vx485t-ffg1157
| Speed File   : -1  PRODUCTION 1.12 2014-09-11
------------------------------------------------------------------------------------

Timing Report

Slack:                    inf
  Source:                 FWRD_EN
                            (input port)
  Destination:            EXE/sr/status_bits_out_reg[2]/D
  Path Group:             (none)
  Path Type:              Max at Slow Process Corner
  Data Path Delay:        9.155ns  (logic 2.878ns (31.432%)  route 6.278ns (68.568%))
  Logic Levels:           21  (CARRY4=6 IBUF=1 LUT2=1 LUT4=2 LUT5=1 LUT6=10)

    Location             Delay type                Incr(ns)  Path(ns)    Netlist Resource(s)
  -------------------------------------------------------------------    -------------------
                                                      0.000     0.000 r  FWRD_EN (IN)
                         net (fo=0)                   0.000     0.000    FWRD_EN
                         IBUF (Prop_ibuf_I_O)         0.726     0.726 r  FWRD_EN_IBUF_inst/O
                         net (fo=32, unplaced)        0.584     1.309    MEM/pr_mem_wb/FWRD_EN_IBUF
                         LUT4 (Prop_lut4_I0_O)        0.053     1.362 f  MEM/pr_mem_wb/VAL_RM_MEM[31]_i_6/O
                         net (fo=1, unplaced)         0.340     1.702    ID/pr_id_exe/VAL_RM_MEM_reg[31]_2
                         LUT6 (Prop_lut6_I5_O)        0.053     1.755 r  ID/pr_id_exe/VAL_RM_MEM[31]_i_2/O
                         net (fo=92, unplaced)        0.437     2.192    EXE/v2g/i_/ALU_RES_MEM[8]_i_7_1
                         LUT6 (Prop_lut6_I3_O)        0.053     2.245 r  EXE/v2g/i_/ALU_RES_MEM[3]_i_13/O
                         net (fo=2, unplaced)         0.532     2.777    EXE/v2g/i_/ALU_RES_MEM[3]_i_13_n_0
                         LUT6 (Prop_lut6_I1_O)        0.053     2.830 r  EXE/v2g/i_/ALU_RES_MEM[1]_i_7/O
                         net (fo=1, unplaced)         0.521     3.351    EXE/v2g/i_/ALU_RES_MEM[1]_i_7_n_0
                         LUT6 (Prop_lut6_I1_O)        0.053     3.404 r  EXE/v2g/i_/ALU_RES_MEM[1]_i_4/O
                         net (fo=2, unplaced)         0.351     3.755    EXE/v2g/shifter_operand_EXE_reg[11]_2
                         LUT6 (Prop_lut6_I5_O)        0.053     3.808 r  EXE/v2g/i_/ALU_RES_MEM[1]_i_2/O
                         net (fo=11, unplaced)        0.386     4.194    ID/pr_id_exe/val2[1]
                         LUT2 (Prop_lut2_I1_O)        0.053     4.247 r  ID/pr_id_exe/i__carry_i_7__1/O
                         net (fo=1, unplaced)         0.000     4.247    EXE/alu/S[1]
                         CARRY4 (Prop_carry4_S[1]_CO[3])
                                                      0.324     4.571 r  EXE/alu/tmp0_inferred__3/i__carry/CO[3]
                         net (fo=1, unplaced)         0.008     4.579    EXE/alu/tmp0_inferred__3/i__carry_n_0
                         CARRY4 (Prop_carry4_CI_CO[3])
                                                      0.058     4.637 r  EXE/alu/tmp0_inferred__3/i__carry__0/CO[3]
                         net (fo=1, unplaced)         0.000     4.637    EXE/alu/tmp0_inferred__3/i__carry__0_n_0
                         CARRY4 (Prop_carry4_CI_CO[3])
                                                      0.058     4.695 r  EXE/alu/tmp0_inferred__3/i__carry__1/CO[3]
                         net (fo=1, unplaced)         0.000     4.695    EXE/alu/tmp0_inferred__3/i__carry__1_n_0
                         CARRY4 (Prop_carry4_CI_O[1])
                                                      0.220     4.915 r  EXE/alu/tmp0_inferred__3/i__carry__2/O[1]
                         net (fo=3, unplaced)         0.523     5.438    EXE/alu/rn_val_EXE_reg[15][1]
                         CARRY4 (Prop_carry4_S[1]_CO[3])
                                                      0.474     5.912 r  EXE/alu/ALU_RES_MEM_reg[14]_i_5/CO[3]
                         net (fo=1, unplaced)         0.000     5.912    EXE/alu/ALU_RES_MEM_reg[14]_i_5_n_0
                         CARRY4 (Prop_carry4_CI_O[3])
                                                      0.187     6.099 f  EXE/alu/ALU_RES_MEM_reg[21]_i_12/O[3]
                         net (fo=2, unplaced)         0.586     6.685    EXE/alu/tmp0_inferred__3/i__carry__3_0[3]
                         LUT4 (Prop_lut4_I1_O)        0.142     6.827 f  EXE/alu/status_bits_out[2]_i_98/O
                         net (fo=1, unplaced)         0.340     7.167    EXE/alu/status_bits_out[2]_i_98_n_0
                         LUT5 (Prop_lut5_I4_O)        0.053     7.220 f  EXE/alu/status_bits_out[2]_i_95/O
                         net (fo=1, unplaced)         0.310     7.530    EXE/alu/status_bits_out[2]_i_95_n_0
                         LUT6 (Prop_lut6_I5_O)        0.053     7.583 f  EXE/alu/status_bits_out[2]_i_84/O
                         net (fo=1, unplaced)         0.340     7.923    EXE/alu/status_bits_out[2]_i_84_n_0
                         LUT6 (Prop_lut6_I5_O)        0.053     7.976 f  EXE/alu/status_bits_out[2]_i_30/O
                         net (fo=1, unplaced)         0.340     8.316    EXE/alu/status_bits_out[2]_i_30_n_0
                         LUT6 (Prop_lut6_I4_O)        0.053     8.369 f  EXE/alu/status_bits_out[2]_i_10/O
                         net (fo=1, unplaced)         0.340     8.709    ID/pr_id_exe/status_bits_out_reg[2]
                         LUT6 (Prop_lut6_I5_O)        0.053     8.762 r  ID/pr_id_exe/status_bits_out[2]_i_2/O
                         net (fo=1, unplaced)         0.340     9.102    ID/pr_id_exe/status_bits_out[2]_i_2_n_0
                         LUT6 (Prop_lut6_I1_O)        0.053     9.155 r  ID/pr_id_exe/status_bits_out[2]_i_1/O
                         net (fo=1, unplaced)         0.000     9.155    EXE/sr/D[2]
                         FDCE                                         r  EXE/sr/status_bits_out_reg[2]/D
  -------------------------------------------------------------------    -------------------




